2001.07.26 22:19 B C:\pmf\matm\resol\quest4\item08\conman.gif --> pmfi.hpg.com.br /matm/resol/quest4/item08 conman.gif
2001.07.26 22:19 B C:\pmf\matm\resol\quest4\item08\figura1.gif --> pmfi.hpg.com.br /matm/resol/quest4/item08 figura1.gif
2001.07.26 22:19 B C:\pmf\matm\resol\quest4\item08\Image19.gif --> pmfi.hpg.com.br /matm/resol/quest4/item08 Image19.gif
2001.07.26 22:19 B C:\pmf\matm\resol\quest4\item08\Image20.gif --> pmfi.hpg.com.br /matm/resol/quest4/item08 Image20.gif
2001.07.26 22:19 B C:\pmf\matm\resol\quest4\item08\Image21.gif --> pmfi.hpg.com.br /matm/resol/quest4/item08 Image21.gif
2001.07.26 22:19 B C:\pmf\matm\resol\quest4\item08\Image22.gif --> pmfi.hpg.com.br /matm/resol/quest4/item08 Image22.gif
2001.07.26 22:19 B C:\pmf\matm\resol\quest4\item08\Image23.gif --> pmfi.hpg.com.br /matm/resol/quest4/item08 Image23.gif
2001.07.26 22:19 B C:\pmf\matm\resol\quest4\item08\Image24.gif --> pmfi.hpg.com.br /matm/resol/quest4/item08 Image24.gif
2001.07.26 22:19 B C:\pmf\matm\resol\quest4\item08\Image25.gif --> pmfi.hpg.com.br /matm/resol/quest4/item08 Image25.gif
2001.07.26 22:20 B C:\pmf\matm\resol\quest4\item08\Image26.gif --> pmfi.hpg.com.br /matm/resol/quest4/item08 Image26.gif
2001.07.26 22:20 B C:\pmf\matm\resol\quest4\item08\Image27.gif --> pmfi.hpg.com.br /matm/resol/quest4/item08 Image27.gif
2001.07.26 22:20 B C:\pmf\matm\resol\quest4\item08\Image28.gif --> pmfi.hpg.com.br /matm/resol/quest4/item08 Image28.gif
2001.07.26 22:20 B C:\pmf\matm\resol\quest4\item08\Image29.gif --> pmfi.hpg.com.br /matm/resol/quest4/item08 Image29.gif
2001.07.26 22:20 B C:\pmf\matm\resol\quest4\item08\Image30.gif --> pmfi.hpg.com.br /matm/resol/quest4/item08 Image30.gif
2001.07.26 22:20 B C:\pmf\matm\resol\quest4\item08\Image31.gif --> pmfi.hpg.com.br /matm/resol/quest4/item08 Image31.gif
2001.07.26 22:20 B C:\pmf\matm\resol\quest4\item08\Image32.gif --> pmfi.hpg.com.br /matm/resol/quest4/item08 Image32.gif
2001.07.26 22:20 B C:\pmf\matm\resol\quest4\item08\Image33.gif --> pmfi.hpg.com.br /matm/resol/quest4/item08 Image33.gif
2001.07.26 22:20 B C:\pmf\matm\resol\quest4\item08\Image34.gif --> pmfi.hpg.com.br /matm/resol/quest4/item08 Image34.gif
2001.07.26 22:20 B C:\pmf\matm\resol\quest4\item08\Image35.gif --> pmfi.hpg.com.br /matm/resol/quest4/item08 Image35.gif
2001.07.26 22:20 B C:\pmf\matm\resol\quest4\item08\Image36.gif --> pmfi.hpg.com.br /matm/resol/quest4/item08 Image36.gif
2001.07.26 22:20 B C:\pmf\matm\resol\quest4\item08\item08.html --> pmfi.hpg.com.br /matm/resol/quest4/item08 item08.html
2001.08.05 04:12 B C:\Meus documentos\Robson\pmf\matm\resol\quest4\item08\eqreta.html --> pmfi.hpg.com.br /matm/resol/quest4/item08 eqreta.html
2001.08.05 04:12 B C:\Meus documentos\Robson\pmf\matm\resol\quest4\item08\Image19.gif --> pmfi.hpg.com.br /matm/resol/quest4/item08 Image19.gif
2001.08.05 04:12 B C:\Meus documentos\Robson\pmf\matm\resol\quest4\item08\Image20.gif --> pmfi.hpg.com.br /matm/resol/quest4/item08 Image20.gif
2001.08.05 04:12 B C:\Meus documentos\Robson\pmf\matm\resol\quest4\item08\Image21.gif --> pmfi.hpg.com.br /matm/resol/quest4/item08 Image21.gif
2001.08.05 04:12 B C:\Meus documentos\Robson\pmf\matm\resol\quest4\item08\Image22.gif --> pmfi.hpg.com.br /matm/resol/quest4/item08 Image22.gif
2001.08.05 04:12 B C:\Meus documentos\Robson\pmf\matm\resol\quest4\item08\Image23.gif --> pmfi.hpg.com.br /matm/resol/quest4/item08 Image23.gif
2001.08.05 04:12 B C:\Meus documentos\Robson\pmf\matm\resol\quest4\item08\Image24.gif --> pmfi.hpg.com.br /matm/resol/quest4/item08 Image24.gif
2001.08.05 04:12 B C:\Meus documentos\Robson\pmf\matm\resol\quest4\item08\Image25.gif --> pmfi.hpg.com.br /matm/resol/quest4/item08 Image25.gif
2001.08.05 04:12 B C:\Meus documentos\Robson\pmf\matm\resol\quest4\item08\Image26.gif --> pmfi.hpg.com.br /matm/resol/quest4/item08 Image26.gif
2001.08.05 04:12 B C:\Meus documentos\Robson\pmf\matm\resol\quest4\item08\Image27.gif --> pmfi.hpg.com.br /matm/resol/quest4/item08 Image27.gif
2001.08.05 04:13 B C:\Meus documentos\Robson\pmf\matm\resol\quest4\item08\Image28.gif --> pmfi.hpg.com.br /matm/resol/quest4/item08 Image28.gif
2001.08.05 04:13 B C:\Meus documentos\Robson\pmf\matm\resol\quest4\item08\Image29.gif --> pmfi.hpg.com.br /matm/resol/quest4/item08 Image29.gif
2001.08.05 04:13 B C:\Meus documentos\Robson\pmf\matm\resol\quest4\item08\Image30.gif --> pmfi.hpg.com.br /matm/resol/quest4/item08 Image30.gif
2001.08.05 04:13 B C:\Meus documentos\Robson\pmf\matm\resol\quest4\item08\Image32.gif --> pmfi.hpg.com.br /matm/resol/quest4/item08 Image32.gif
2001.08.05 04:13 B C:\Meus documentos\Robson\pmf\matm\resol\quest4\item08\Image34.gif --> pmfi.hpg.com.br /matm/resol/quest4/item08 Image34.gif
2001.08.05 04:13 B C:\Meus documentos\Robson\pmf\matm\resol\quest4\item08\Image35.gif --> pmfi.hpg.com.br /matm/resol/quest4/item08 Image35.gif
2001.08.05 04:13 B C:\Meus documentos\Robson\pmf\matm\resol\quest4\item08\Image37.gif --> pmfi.hpg.com.br /matm/resol/quest4/item08 Image37.gif
2001.08.05 04:13 B C:\Meus documentos\Robson\pmf\matm\resol\quest4\item08\Image38.gif --> pmfi.hpg.com.br /matm/resol/quest4/item08 Image38.gif
2001.08.05 04:13 B C:\Meus documentos\Robson\pmf\matm\resol\quest4\item08\Image39.gif --> pmfi.hpg.com.br /matm/resol/quest4/item08 Image39.gif
2001.08.05 04:13 B C:\Meus documentos\Robson\pmf\matm\resol\quest4\item08\item08.html --> pmfi.hpg.com.br /matm/resol/quest4/item08 item08.html
