2002.05.25 23:40 B C:\Meus documentos\Robson\pmfi\mat\artigos\sistemnum\aditivo.html --> http://www.pmfi.hpg.ig.com.br /mat/artigos/sistemnum aditivo.html
2002.05.25 23:40 B C:\Meus documentos\Robson\pmfi\mat\artigos\sistemnum\Image12.gif --> http://www.pmfi.hpg.ig.com.br /mat/artigos/sistemnum Image12.gif
2002.05.25 23:40 B C:\Meus documentos\Robson\pmfi\mat\artigos\sistemnum\Image13.gif --> http://www.pmfi.hpg.ig.com.br /mat/artigos/sistemnum Image13.gif
2002.05.25 23:40 B C:\Meus documentos\Robson\pmfi\mat\artigos\sistemnum\Image14.gif --> http://www.pmfi.hpg.ig.com.br /mat/artigos/sistemnum Image14.gif
2002.05.25 23:40 B C:\Meus documentos\Robson\pmfi\mat\artigos\sistemnum\Image15.gif --> http://www.pmfi.hpg.ig.com.br /mat/artigos/sistemnum Image15.gif
2002.05.25 23:40 B C:\Meus documentos\Robson\pmfi\mat\artigos\sistemnum\Image16.gif --> http://www.pmfi.hpg.ig.com.br /mat/artigos/sistemnum Image16.gif
2002.05.25 23:40 B C:\Meus documentos\Robson\pmfi\mat\artigos\sistemnum\Image17.gif --> http://www.pmfi.hpg.ig.com.br /mat/artigos/sistemnum Image17.gif
2002.05.25 23:40 B C:\Meus documentos\Robson\pmfi\mat\artigos\sistemnum\Image18.gif --> http://www.pmfi.hpg.ig.com.br /mat/artigos/sistemnum Image18.gif
2002.05.25 23:40 B C:\Meus documentos\Robson\pmfi\mat\artigos\sistemnum\Image19.gif --> http://www.pmfi.hpg.ig.com.br /mat/artigos/sistemnum Image19.gif
2002.05.25 23:40 B C:\Meus documentos\Robson\pmfi\mat\artigos\sistemnum\mis85.gif --> http://www.pmfi.hpg.ig.com.br /mat/artigos/sistemnum mis85.gif
2002.05.25 23:40 B C:\Meus documentos\Robson\pmfi\mat\artigos\sistemnum\posicional.html --> http://www.pmfi.hpg.ig.com.br /mat/artigos/sistemnum posicional.html
2002.05.25 23:40 B C:\Meus documentos\Robson\pmfi\mat\artigos\sistemnum\simbolos.html --> http://www.pmfi.hpg.ig.com.br /mat/artigos/sistemnum simbolos.html
2003.04.19 17:05 B C:\Meus documentos\Robson\pmfi\mat\artigos\sistemnum\aditivo.html --> ftp.hpg.com.br /mat/artigos/sistemnum aditivo.html
2003.04.19 17:05 B C:\Meus documentos\Robson\pmfi\mat\artigos\sistemnum\Image12.gif --> ftp.hpg.com.br /mat/artigos/sistemnum Image12.gif
2003.04.19 17:05 B C:\Meus documentos\Robson\pmfi\mat\artigos\sistemnum\Image13.gif --> ftp.hpg.com.br /mat/artigos/sistemnum Image13.gif
2003.04.19 17:05 B C:\Meus documentos\Robson\pmfi\mat\artigos\sistemnum\Image14.gif --> ftp.hpg.com.br /mat/artigos/sistemnum Image14.gif
2003.04.19 17:05 B C:\Meus documentos\Robson\pmfi\mat\artigos\sistemnum\Image15.gif --> ftp.hpg.com.br /mat/artigos/sistemnum Image15.gif
2003.04.19 17:05 B C:\Meus documentos\Robson\pmfi\mat\artigos\sistemnum\Image16.gif --> ftp.hpg.com.br /mat/artigos/sistemnum Image16.gif
2003.04.19 17:05 B C:\Meus documentos\Robson\pmfi\mat\artigos\sistemnum\Image17.gif --> ftp.hpg.com.br /mat/artigos/sistemnum Image17.gif
2003.04.19 17:05 B C:\Meus documentos\Robson\pmfi\mat\artigos\sistemnum\Image18.gif --> ftp.hpg.com.br /mat/artigos/sistemnum Image18.gif
2003.04.19 17:05 B C:\Meus documentos\Robson\pmfi\mat\artigos\sistemnum\Image19.gif --> ftp.hpg.com.br /mat/artigos/sistemnum Image19.gif
2003.04.19 17:05 B C:\Meus documentos\Robson\pmfi\mat\artigos\sistemnum\mis85.gif --> ftp.hpg.com.br /mat/artigos/sistemnum mis85.gif
2003.04.19 17:06 B C:\Meus documentos\Robson\pmfi\mat\artigos\sistemnum\posicional.html --> ftp.hpg.com.br /mat/artigos/sistemnum posicional.html
2003.04.19 17:06 B C:\Meus documentos\Robson\pmfi\mat\artigos\sistemnum\simbolos.html --> ftp.hpg.com.br /mat/artigos/sistemnum simbolos.html
2003.04.19 17:06 B C:\Meus documentos\Robson\pmfi\mat\artigos\sistemnum\WS_FTP.LOG --> ftp.hpg.com.br /mat/artigos/sistemnum WS_FTP.LOG
