2001.11.04 10:55 B C:\Meus documentos\Robson\pmfi\info\cursologica\princbasicos\logicacomfluxos\exemplos\exemplo3\exdefluxo3.html --> pmfi.hpg.com.br /info/cursologica/princbasicos/logicacomfluxos/exemplos/exemplo3 exdefluxo3.html
2001.11.04 10:56 B C:\Meus documentos\Robson\pmfi\info\cursologica\princbasicos\logicacomfluxos\exemplos\exemplo3\fim.gif --> pmfi.hpg.com.br /info/cursologica/princbasicos/logicacomfluxos/exemplos/exemplo3 fim.gif
2001.11.04 10:56 B C:\Meus documentos\Robson\pmfi\info\cursologica\princbasicos\logicacomfluxos\exemplos\exemplo3\Image126.gif --> pmfi.hpg.com.br /info/cursologica/princbasicos/logicacomfluxos/exemplos/exemplo3 Image126.gif
2001.11.04 10:56 B C:\Meus documentos\Robson\pmfi\info\cursologica\princbasicos\logicacomfluxos\exemplos\exemplo3\Image127.gif --> pmfi.hpg.com.br /info/cursologica/princbasicos/logicacomfluxos/exemplos/exemplo3 Image127.gif
2001.11.04 10:57 B C:\Meus documentos\Robson\pmfi\info\cursologica\princbasicos\logicacomfluxos\exemplos\exemplo3\Image128.gif --> pmfi.hpg.com.br /info/cursologica/princbasicos/logicacomfluxos/exemplos/exemplo3 Image128.gif
2001.11.04 10:58 B C:\Meus documentos\Robson\pmfi\info\cursologica\princbasicos\logicacomfluxos\exemplos\exemplo3\inicio.gif --> pmfi.hpg.com.br /info/cursologica/princbasicos/logicacomfluxos/exemplos/exemplo3 inicio.gif
2001.11.04 10:59 B C:\Meus documentos\Robson\pmfi\info\cursologica\princbasicos\logicacomfluxos\exemplos\exemplo3\ler.gif --> pmfi.hpg.com.br /info/cursologica/princbasicos/logicacomfluxos/exemplos/exemplo3 ler.gif
2001.11.04 11:04 B C:\Meus documentos\Robson\pmfi\info\cursologica\princbasicos\logicacomfluxos\exemplos\exemplo3\exdefluxo3.html --> pmfi.hpg.com.br /info/cursologica/princbasicos/logicacomfluxos/exemplos/exemplo3 exdefluxo3.html
2001.11.04 11:05 B C:\Meus documentos\Robson\pmfi\info\cursologica\princbasicos\logicacomfluxos\exemplos\exemplo3\fim.gif --> pmfi.hpg.com.br /info/cursologica/princbasicos/logicacomfluxos/exemplos/exemplo3 fim.gif
2001.11.04 11:10 B C:\Meus documentos\Robson\pmfi\info\cursologica\princbasicos\logicacomfluxos\exemplos\exemplo3\Image126.gif --> pmfi.hpg.com.br /info/cursologica/princbasicos/logicacomfluxos/exemplos/exemplo3 Image126.gif
2001.11.04 11:11 B C:\Meus documentos\Robson\pmfi\info\cursologica\princbasicos\logicacomfluxos\exemplos\exemplo3\Image127.gif --> pmfi.hpg.com.br /info/cursologica/princbasicos/logicacomfluxos/exemplos/exemplo3 Image127.gif
2001.11.04 11:11 B C:\Meus documentos\Robson\pmfi\info\cursologica\princbasicos\logicacomfluxos\exemplos\exemplo3\Image128.gif --> pmfi.hpg.com.br /info/cursologica/princbasicos/logicacomfluxos/exemplos/exemplo3 Image128.gif
2001.11.04 11:11 B C:\Meus documentos\Robson\pmfi\info\cursologica\princbasicos\logicacomfluxos\exemplos\exemplo3\inicio.gif --> pmfi.hpg.com.br /info/cursologica/princbasicos/logicacomfluxos/exemplos/exemplo3 inicio.gif
2001.11.04 11:11 B C:\Meus documentos\Robson\pmfi\info\cursologica\princbasicos\logicacomfluxos\exemplos\exemplo3\ler.gif --> pmfi.hpg.com.br /info/cursologica/princbasicos/logicacomfluxos/exemplos/exemplo3 ler.gif
2001.11.04 11:12 B C:\Meus documentos\Robson\pmfi\info\cursologica\princbasicos\logicacomfluxos\exemplos\exemplo3\processamento.gif --> pmfi.hpg.com.br /info/cursologica/princbasicos/logicacomfluxos/exemplos/exemplo3 processamento.gif
2001.11.04 11:15 B C:\Meus documentos\Robson\pmfi\info\cursologica\princbasicos\logicacomfluxos\exemplos\exemplo3\saida.gif --> pmfi.hpg.com.br /info/cursologica/princbasicos/logicacomfluxos/exemplos/exemplo3 saida.gif
2001.11.04 12:03 B C:\Meus documentos\Robson\pmfi\info\cursologica\princbasicos\logicacomfluxos\exemplos\exemplo3\setas.gif --> pmfi.hpg.com.br /info/cursologica/princbasicos/logicacomfluxos/exemplos/exemplo3 setas.gif
2001.12.09 12:26 B C:\Meus documentos\Robson\pmfi\info\cursologica\princbasicos\logicacomfluxos\exemplos\exemplo3\exdefluxo3.html --> http://www.pmfi.hpg.com.br /info/cursologica/princbasicos/logicacomfluxos/exemplos/exemplo3 exdefluxo3.html
2001.12.23 12:48 B C:\Meus documentos\Robson\pmfi\info\cursologica\princbasicos\logicacomfluxos\exemplos\exemplo3\exdefluxo3.html --> http://www.pmfi.hpg.com.br /info/cursologica/princbasicos/logicacomfluxos/exemplos/exemplo3 exdefluxo3.html
2001.12.30 23:13 B C:\Meus documentos\Robson\pmfi\info\cursologica\princbasicos\logicacomfluxos\exemplos\exemplo3\exdefluxo3.html --> http://www.pmfi.hpg.com.br /info/cursologica/princbasicos/logicacomfluxos/exemplos/exemplo3 exdefluxo3.html
