1997.01.01 00:11 B C:\Meus documentos\Robson\pmfi\info\SoftLivre.gif --> pmfi.hpg.com.br /info SoftLivre.gif
1997.01.01 00:11 B C:\Meus documentos\Robson\pmfi\info\homeinf.html --> pmfi.hpg.com.br /info homeinf.html
1997.01.01 00:53 B C:\Meus documentos\Robson\pmfi\info\SoftLivre.gif <-- pmfi /info SoftLivre.gif
1997.01.01 00:53 B C:\Meus documentos\Robson\pmfi\info\softlivre.gif --> pmfi.hpg.com.br /info softlivre.gif
2001.09.26 23:05 B C:\Meus documentos\Robson\pmfi\info\homeinf.html --> pmfi.hpg.com.br /info homeinf.html
2001.09.30 22:01 B C:\Meus documentos\Robson\pmfi\info\homeinf.html --> pmfi.hpg.com.br /info homeinf.html
2001.11.04 10:53 B C:\Meus documentos\Robson\pmfi\info\homeinf.html --> pmfi.hpg.com.br /info homeinf.html
2001.12.09 13:02 B C:\Meus documentos\Robson\pmfi\info\homeinf.html --> http://www.pmfi.hpg.com.br /info homeinf.html
2001.12.23 13:10 B C:\Meus documentos\Robson\pmfi\info\Dica1.html --> http://www.pmfi.hpg.com.br /info Dica1.html
2001.12.23 13:11 B C:\Meus documentos\Robson\pmfi\info\homeinf.html --> http://www.pmfi.hpg.com.br /info homeinf.html
2001.12.23 13:14 B C:\Meus documentos\Robson\pmfi\info\linux.gif --> http://www.pmfi.hpg.com.br /info linux.gif
2001.12.23 13:18 B C:\Meus documentos\Robson\pmfi\info\linux.gif --> http://www.pmfi.hpg.com.br /info linux.gif
2001.12.23 13:21 B C:\Meus documentos\Robson\pmfi\info\linux.gif --> http://www.pmfi.hpg.com.br /info linux.gif
2001.12.23 13:39 B C:\Meus documentos\Robson\pmfi\info\linux.gif --> http://www.pmfi.hpg.com.br /info linux.gif
2001.12.23 18:05 B C:\Meus documentos\Robson\pmfi\info\linux.gif --> http://www.pmfi.hpg.com.br /info linux.gif
2001.12.23 19:17 B C:\Meus documentos\Robson\pmfi\info\linux.gif --> http://www.pmfi.hpg.com.br /info linux.gif
2001.12.23 19:54 B C:\Meus documentos\Robson\pmfi\info\linux.gif --> http://www.pmfi.hpg.com.br /info linux.gif
2001.12.23 20:52 B C:\Meus documentos\Robson\pmfi\info\linux.gif --> http://www.pmfi.hpg.com.br /info linux.gif
2001.12.23 21:35 B C:\Meus documentos\Robson\pmfi\info\linux.gif --> http://www.pmfi.hpg.com.br /info linux.gif
2001.12.30 11:15 B C:\Meus documentos\Robson\pmfi\info\linux.gif --> http://www.pmfi.hpg.com.br /info linux.gif
2001.12.30 23:02 B C:\Meus documentos\Robson\pmfi\info\linux.gif --> http://www.pmfi.hpg.com.br /info linux.gif
2001.12.30 23:09 B C:\Meus documentos\Robson\pmfi\info\dica1.html --> http://www.pmfi.hpg.com.br /info dica1.html
2002.01.06 15:47 B C:\Meus documentos\Robson\pmfi\info\homeinf.html --> http://www.pmfi.hpg.com.br /info homeinf.html
2002.03.03 12:20 B C:\Meus documentos\Robson\pmfi\info\homeinf.html --> http://www.pmfi.hpg.ig.com.br /info homeinf.html
2002.03.23 21:26 B C:\Meus documentos\Robson\pmfi\info\homeinf.html --> http://www.pmfi.hpg.ig.com.br /info homeinf.html
2002.07.13 16:27 B C:\Meus documentos\Robson\pmfi\info\homeinf.html --> http://www.pmfi.hpg.com.br /info homeinf.html
2003.01.02 00:18 B C:\Meus documentos\Robson\pmfi\info\homeinf.html --> ftp.hpg.com.br /info homeinf.html
2003.01.02 00:18 B C:\Meus documentos\Robson\pmfi\info\Curso de Programação.txt --> ftp.hpg.com.br /info Curso de Programação.txt
2003.02.09 17:58 B C:\Meus documentos\Robson\pmfi\info\homeinf.html --> ftp.hpg.com.br /info homeinf.html
2003.04.19 16:46 B C:\Meus documentos\Robson\pmfi\info\homeinf.html --> ftp.hpg.com.br /info homeinf.html
